// Jest Snapshot v1, https://goo.gl/fbAQLP

exports[` 1`] = `
<div
  data-testid="home"
  id="page-home"
>
  <div
    id="page-header"
  >
    <header>
      <div
        id="header-flex"
      >
        <div
          id="header-logo"
        >
          <img
            alt="Biblioteca"
            src="logo.svg"
          />
          <span>
            Biblioteca
          </span>
        </div>
      </div>
      <div
        id="header-flex"
      >
        <div
          className="search-books-bar"
        >
          <a
            className="close-search"
            href="/"
            onClick={[Function]}
          >
            Close 
          </a>
          <div
            className="search-books-input-wrapper"
          >
            <input
              onChange={[Function]}
              placeholder="Pesquise por título ou autor"
              type="text"
            />
          </div>
        </div>
      </div>
      <div
        id="header-flex"
      >
        <button
          aria-describedby={null}
          className="MuiButtonBase-root MuiIconButton-root"
          disabled={false}
          onBlur={[Function]}
          onClick={[Function]}
          onDragLeave={[Function]}
          onFocus={[Function]}
          onKeyDown={[Function]}
          onKeyUp={[Function]}
          onMouseDown={[Function]}
          onMouseLeave={[Function]}
          onMouseOver={[Function]}
          onMouseUp={[Function]}
          onTouchEnd={[Function]}
          onTouchMove={[Function]}
          onTouchStart={[Function]}
          tabIndex={0}
          title="Sair"
          type="button"
        >
          <span
            className="MuiIconButton-label"
          >
            <svg
              aria-hidden={true}
              className="MuiSvgIcon-root MuiSvgIcon-fontSizeLarge"
              focusable="false"
              viewBox="0 0 24 24"
            >
              <path
                d="M10.09 15.59L11.5 17l5-5-5-5-1.41 1.41L12.67 11H3v2h9.67l-2.58 2.59zM19 3H5c-1.11 0-2 .9-2 2v4h2V5h14v14H5v-4H3v4c0 1.1.89 2 2 2h14c1.1 0 2-.9 2-2V5c0-1.1-.9-2-2-2z"
              />
            </svg>
          </span>
          <span
            className="MuiTouchRipple-root"
          />
        </button>
      </div>
    </header>
  </div>
  <div />
  <div
    className="content"
  >
    <div
      className="MuiGrid-root MuiGrid-container MuiGrid-spacing-xs-2 MuiGrid-justify-xs-center"
    />
  </div>
  <button
    aria-describedby={null}
    aria-label="add"
    className="MuiButtonBase-root MuiFab-root fab MuiFab-primary"
    disabled={false}
    onBlur={[Function]}
    onClick={[Function]}
    onDragLeave={[Function]}
    onFocus={[Function]}
    onKeyDown={[Function]}
    onKeyUp={[Function]}
    onMouseDown={[Function]}
    onMouseLeave={[Function]}
    onMouseOver={[Function]}
    onMouseUp={[Function]}
    onTouchEnd={[Function]}
    onTouchMove={[Function]}
    onTouchStart={[Function]}
    tabIndex={0}
    title="Adicionar livro"
    type="button"
  >
    <span
      className="MuiFab-label"
    >
      <svg
        aria-hidden={true}
        className="MuiSvgIcon-root"
        focusable="false"
        viewBox="0 0 24 24"
      >
        <path
          d="M19 13h-6v6h-2v-6H5v-2h6V5h2v6h6v2z"
        />
      </svg>
    </span>
    <span
      className="MuiTouchRipple-root"
    />
  </button>
  
</div>
`;

exports[`test home page snapshot 1`] = `
<div
  data-testid="home"
  id="page-home"
>
  <div
    id="page-header"
  >
    <header>
      <div
        id="header-flex"
      >
        <div
          id="header-logo"
        >
          <img
            alt="Biblioteca"
            src="logo.svg"
          />
          <span>
            Biblioteca
          </span>
        </div>
      </div>
      <div
        id="header-flex"
      >
        <div
          className="search-books-bar"
        >
          <a
            className="close-search"
            href="/"
            onClick={[Function]}
          >
            Close 
          </a>
          <div
            className="search-books-input-wrapper"
          >
            <input
              onChange={[Function]}
              placeholder="Pesquise por título ou autor"
              type="text"
            />
          </div>
        </div>
      </div>
      <div
        id="header-flex"
      >
        <button
          aria-describedby={null}
          className="MuiButtonBase-root MuiIconButton-root"
          disabled={false}
          onBlur={[Function]}
          onClick={[Function]}
          onDragLeave={[Function]}
          onFocus={[Function]}
          onKeyDown={[Function]}
          onKeyUp={[Function]}
          onMouseDown={[Function]}
          onMouseLeave={[Function]}
          onMouseOver={[Function]}
          onMouseUp={[Function]}
          onTouchEnd={[Function]}
          onTouchMove={[Function]}
          onTouchStart={[Function]}
          tabIndex={0}
          title="Sair"
          type="button"
        >
          <span
            className="MuiIconButton-label"
          >
            <svg
              aria-hidden={true}
              className="MuiSvgIcon-root MuiSvgIcon-fontSizeLarge"
              focusable="false"
              viewBox="0 0 24 24"
            >
              <path
                d="M10.09 15.59L11.5 17l5-5-5-5-1.41 1.41L12.67 11H3v2h9.67l-2.58 2.59zM19 3H5c-1.11 0-2 .9-2 2v4h2V5h14v14H5v-4H3v4c0 1.1.89 2 2 2h14c1.1 0 2-.9 2-2V5c0-1.1-.9-2-2-2z"
              />
            </svg>
          </span>
          <span
            className="MuiTouchRipple-root"
          />
        </button>
      </div>
    </header>
  </div>
  <div />
  <div
    className="content"
  >
    <div
      className="MuiGrid-root MuiGrid-container MuiGrid-spacing-xs-2 MuiGrid-justify-xs-center"
    />
  </div>
  <button
    aria-describedby={null}
    aria-label="add"
    className="MuiButtonBase-root MuiFab-root fab MuiFab-primary"
    disabled={false}
    onBlur={[Function]}
    onClick={[Function]}
    onDragLeave={[Function]}
    onFocus={[Function]}
    onKeyDown={[Function]}
    onKeyUp={[Function]}
    onMouseDown={[Function]}
    onMouseLeave={[Function]}
    onMouseOver={[Function]}
    onMouseUp={[Function]}
    onTouchEnd={[Function]}
    onTouchMove={[Function]}
    onTouchStart={[Function]}
    tabIndex={0}
    title="Adicionar livro"
    type="button"
  >
    <span
      className="MuiFab-label"
    >
      <svg
        aria-hidden={true}
        className="MuiSvgIcon-root"
        focusable="false"
        viewBox="0 0 24 24"
      >
        <path
          d="M19 13h-6v6h-2v-6H5v-2h6V5h2v6h6v2z"
        />
      </svg>
    </span>
    <span
      className="MuiTouchRipple-root"
    />
  </button>
  
</div>
`;
