// Jest Snapshot v1, https://goo.gl/fbAQLP

exports[`<Login /> renders text input correctly 1`] = `
<div
  id="page-login"
>
  <form
    onSubmit={[Function]}
  >
    <header>
      <img
        alt="Biblioteca"
        src="logo.svg"
      />
      <h1>
        Login
      </h1>
    </header>
    <fieldset>
      <div
        className="field"
      >
        <label
          htmlFor="name"
        >
          Usuario
        </label>
        <input
          id="user"
          name="user"
          type="text"
        />
      </div>
      <div
        className="field"
      >
        <label
          htmlFor="name"
        >
          Senha
        </label>
        <input
          id="password"
          name="password"
          type="password"
        />
      </div>
    </fieldset>
    <button
      type="submit"
    >
      <span>
        <svg
          fill="none"
          height="1em"
          stroke="currentColor"
          strokeLinecap="round"
          strokeLinejoin="round"
          strokeWidth="2"
          style={
            Object {
              "color": undefined,
            }
          }
          viewBox="0 0 24 24"
          width="1em"
          xmlns="http://www.w3.org/2000/svg"
        >
          <path
            d="M15 3h4a2 2 0 0 1 2 2v14a2 2 0 0 1-2 2h-4"
          />
          <polyline
            points="10 17 15 12 10 7"
          />
          <line
            x1="15"
            x2="3"
            y1="12"
            y2="12"
          />
        </svg>
      </span>
      <strong>
        Entrar
      </strong>
    </button>
  </form>
  
</div>
`;
